/tmp/assign_test.li_01FC6R4K9AYYE65HW2QW252ZCF.sh: 167: [: =: argument expected
LINE 12: assertion failed
