expr.err.li 5,7: undefined variable `x`
  > x
    ^
expr.err.li 7,2: mismatched types: `int` (left) and `string` (right)
  > f("a") + "a"
    ^^^^^^^^^^^^
expr.err.li 7,4: mismatched types: `int` (expected) and `string` (found)
  > "a"
    ^^^
expr.err.li 8,10: mismatched types: `string` (left) and `int` (right)
  > "a" + f("a")
    ^^^^^^^^^^^^
expr.err.li 8,18: mismatched types: `int` (expected) and `string` (found)
  > "a"
    ^^^
expr.err.li 10,2: undefined variable `y`
  > y
    ^
expr.err.li 11,2: undefined variable `y`
  > y
    ^
expr.err.li 12,2: invalid left-hand side of assignment
  > 0
    ^
expr.err.li 14,4: mismatched types: `int` (expected) and `string` (found)
  > "a"
    ^^^
expr.err.li 14,14: mismatched types: `int` (expected) and `string` (found)
  > "a"
    ^^^
expr.err.li 15,7: expected function call, but found int
  > 0
    ^
expr.err.li 18,6: mismatched types: `int` (expected) and `string` (found)
  > '10'
    ^^^^
expr.err.li 19,2: `int` does not support indexing
  > arr[0][0]
    ^^^^^^^^^
expr.err.li 20,2: `int` does not support indexing
  > x[0]
    ^^^^
