hello_err.ri 1,1: unexpected token Token{ .+, '+', Pos{ i: 0-1, line: 1-1, col: 1-0 } }
