testing mod::test_fail ... FAILED

Output:
LINE 4: Assertion Failed

testing mod::test_ok ... OK
testing test_fail ... FAILED

Output:
LINE 15: Assertion Failed

testing test_ok ... OK
test result: FAILED
4 total; 2 passed; 2 failed;
