type_mismatch_err.ri 1,1: mismatch type: `1` (left), `2` (right)
