unexpected_token.err.li 1,5: unexpected token `=`, expecting `ident`
  > =
    ^
