while.err.li 1,7: non-bool type used as while condition
    1 | while 100 {
      |       ^^^
