error: require.err.li 1,23: invalid key `invalid_key`, expecting `md5`, `sha1`, or `sha256`
    1 | require 'ns.mod.li' { invalid_key: '' }
      |                       ^^^^^^^^^^^
