testing string::test_eq ... FAILED

Output:
LINE 24: Assertion Failed: (left == right)
left : `a`
right: `b`

testing string::test_ne ... FAILED

Output:
LINE 28: Assertion Failed: (left != right)
left : `a`
right: `a`

testing int::test_eq ... FAILED

Output:
LINE 34: Assertion Failed: (left == right)
left : `1`
right: `2`

testing int::test_ne ... FAILED

Output:
LINE 38: Assertion Failed: (left != right)
left : `1`
right: `1`

testing int::test_gt ... FAILED

Output:
LINE 42: Assertion Failed: (left > right)
left : `1`
right: `1`

testing int::test_ge ... FAILED

Output:
LINE 46: Assertion Failed: (left >= right)
left : `0`
right: `1`

testing int::test_lt ... FAILED

Output:
LINE 50: Assertion Failed: (left < right)
left : `1`
right: `1`

testing int::test_le ... FAILED

Output:
LINE 54: Assertion Failed: (left <= right)
left : `1`
right: `0`

test result: FAILED
8 total; 0 passed; 8 failed;
