error: operator_overload.err.li 3,15: infix operator function must have 2 parameters
    3 | fn (w1: Word) == (): bool
      |               ^^
error: operator_overload.err.li 4,15: infix operator function must have 2 parameters
    4 | fn (w1: Word) + (w2: Word, w3: Word): Word
      |               ^
error: operator_overload.err.li 5,22: infix operator function cannot have pipe in
    5 | fn (w1: Word) int |> + (w2: Word): Word
      |                      ^
error: operator_overload.err.li 6,15: `++` is not infix operator
    6 | fn (w1: Word) ++ (w2: Word, w3: Word): Word
      |               ^^
